---
source: crates/adamas-cli/tests/examples.rs
expression: text
---
Cons (Succ (Succ (Succ (Succ (Succ (Succ (Succ (Succ (Succ (Succ (Succ (Succ (Succ (Succ Zero)))))))))))))) (Cons Zero (Cons (Succ Zero) (Cons (Succ (Succ (Succ (Succ (Succ Zero))))) (Cons (Succ (Succ (Succ (Succ (Succ (Succ Zero)))))) Nil))))
