---
source: crates/adamas-cli/tests/golden.rs
expression: text
---
Error: redex-owned.adamas:24:21: владеемый аргумент у лямбды в голове применения пока не элаборируется: связывание редекса берёт тип синтезом, а вставку `drop` решает **написанный** тип (§3.3, §10 вопрос 76) - напишите `let` с аннотацией
  held = (\h -> True) (Open True)
                      ^^^^^^^^^^^
