---
source: crates/adamas-cli/tests/golden.rs
expression: text
---
Error: noalloc-constructs.adamas:17:1: `next` объявлена `@noalloc`, но строит значение конструктором `Succ` - это куча Perceus. Выходов три (§5.1): линейный или unique вход, где reuse гарантирован; регион `{Alloc r}`; отказ от конструирования. Первых двух в компиляторе пока нет, так что остаётся третий
  next : Nat -> Nat
  ^^^^^^^^^^^^^^^^^
