---
source: crates/adamas-cli/tests/golden.rs
expression: text
---
Error: division-unproven.adamas:8:25: несовпадение типов: ожидался `Equal Bool (eqInt32 d 0) False`, получен `Equal Bool (eqInt32 d 0) (eqInt32 d 0)`
  peek d = divInt32 100 d Refl
                          ^^^^
  в контексте:
    (d : Int32)
