---
source: crates/adamas-cli/tests/golden.rs
expression: text
---
Error: variadic-twice.adamas:16:1: `...` стоит не в цепочке стрелок объявления: вариадическая часть у C - хвост верхнеуровневого списка аргументов, и границ у неё не бывает ни две, ни одна внутри скобок (§5.3)
  extern "C" fn snprintf : Array n UInt8 -> UInt64 -> ... -> UInt64 -> ... -> UInt64 -> Int32
  ^^^^^^^^^^^^^^^^^^^^^^^^^^^^^^^^^^^^^^^^^^^^^^^^^^^^^^^^^^^^^^^^^^^^^^^^^^^^^^^^^^^^^^^^^^^
