---
source: crates/adamas-cli/tests/golden.rs
expression: text
---
Error: export-frame.adamas:38:1: эффект `Fail` в позиции колбэка: его хендлер абортивный, то есть управление в чужой кадр нормально не вернёт (§5.3). Между входом в колбэк и возвратом из него лежит фрейм, построенный C: раскрутить его мы не можем и пропустить не имеем права. Идиома отмены - записать намерение и вернуться нормально, а действовать уже на своей стороне границы
  export "C" fn risky
  ^^^^^^^^^^^^^^^^^^^
