---
source: crates/adamas-cli/tests/golden.rs
expression: text
---
Ошибка: extern-boxed-array.adamas:21:1: массив через границу C идёт только плоский: ячейки указательного суть объекты Perceus с заголовками, и чужая сторона не поймёт ни одного
  extern "C" fn adamas_probe_sum : Array n (Option UInt64) -> UInt64 -> UInt64
  ^^^^^^^^^^^^^^^^^^^^^^^^^^^^^^^^^^^^^^^^^^^^^^^^^^^^^^^^^^^^^^^^^^^^^^^^^^^^
