---
source: crates/adamas-cli/tests/golden.rs
expression: text
---
Error: export-buffer.adamas:20:1: параметр экспорта обязан быть машинным словом - примитив §4.11 либо `CPtr`: буфер наружу не отдать (чужая сторона даёт голый адрес, а заголовка Perceus вокруг него не построить), единицу - нечем породить (§5.3)
  export "C" fn sum
  ^^^^^^^^^^^^^^^^^
