---
source: crates/adamas-cli/tests/golden.rs
expression: text
---
Ошибка: row-solution-captures-a-local.adamas:34:17: несовпадение типов: ожидался `(0 r : Reg) -> {Aux, Src r} (0 s : Reg) -> {Aux, Src s} Nat`, получен `(0 _ : Reg) -> {Aux} (0 _ : Reg) -> {Aux} Nat`
  probe = squeeze double
                  ^^^^^^
