---
source: crates/adamas-cli/tests/golden.rs
expression: text
---
Ошибка: tuple-refutable-component.adamas:13:8: опровержимый паттерн внутри кортежа в `let` и параметре лямбды пока не элаборируется: там паттерн один, и опровергнуть его нечем; разбор компоненты пишется клаузой или `case`
    let (Just x, y) = p
         ^^^^^^
