---
source: crates/adamas-cli/tests/golden.rs
expression: text
---
Error: divisor-unproven.adamas:6:1: факт `count /= 0` не доказан: вычислением к `True` он не сводится, и гипотезы с ним в контексте нет. Дайте его проверкой (`if count /= 0 then … else …`), ограничением объемлющей функции (`{count /= 0} =>`) или явным аргументом (`@доказательство`)
  average total count = total / count
  ^^^^^^^^^^^^^^^^^^^^^^^^^^^^^^^^^^^
  в контексте:
    (total : Int64)
    (count : Int64)
