---
source: crates/adamas-cli/tests/golden.rs
expression: text
---
Error: operation-row-doubled.adamas:43:20: эффекты `{Log, Log | e0}` не погашены: вокруг разрешено `{Log | e0}`
    fork b -> resume (runChild b)
                     ^^^^^^^^^^^^
  в контексте:
    (ω c : {Async, Log | e0} Unit)
    (ω b : {Async, Log, Log | e0} Unit)
    (1 resume : {Log | e0} Unit)
