---
source: crates/adamas-cli/tests/golden.rs
expression: text
---
Error: division-unproven.adamas:8:25: несовпадение типов: ожидался `Prelude.Equal Prelude.Bool (eqInt32 d 0) Prelude.False`, получен `Prelude.Equal Prelude.Bool (eqInt32 d 0) (eqInt32 d 0)`
  peek d = divInt32 100 d Refl
                          ^^^^
  в контексте:
    (ω d : Int32)
