---
source: crates/adamas-cli/tests/golden.rs
expression: text
---
Error: fact-unproven.adamas:9:1: факт `d /= 0` не доказан: вычислением к `True` он не сводится, и гипотезы с ним в контексте нет. Дайте его проверкой (`if d /= 0 then … else …`), ограничением объемлющей функции (`{d /= 0} =>`) или явным аргументом (`@доказательство`)
  spread x d = share x d
  ^^^^^^^^^^^^^^^^^^^^^^
  в контексте:
    (x : Int64)
    (d : Int64)
