---
source: crates/adamas-cli/tests/golden.rs
expression: text
---
Error: mutual-sibling-ungrounded.adamas:38:28: несовпадение типов: ожидался `Type 0`, получен `Type u0`
    afterTop (Succ k) x xs = atTop k xs
                             ^^^^^
  в контексте:
    (0 a : Type u0)
    (ω #3 : Nat)
    (ω x : a)
    (ω xs : List{u0} a)
    (ω k : Nat)
  путь: тело `afterTop` -> тело лямбды -> тело лямбды -> тело лямбды -> тело лямбды -> ветвь #1 -> тело лямбды -> функция применения -> функция применения -> аргумент применения -> функция применения -> функция применения -> функция применения -> аргумент применения
