---
source: crates/adamas-cli/tests/golden.rs
expression: text
---
Error: string-in-a-pattern.adamas:15:10: строка в разборе пока не элаборируется: выражением строка есть `String` либо `Array n UInt8`, а паттерн-литерал сравнивается одним словом - байты так не сравниваются; текст сравнивайте `==` (`if s == "b" then …`)
  classify "hi" = 1
           ^^^^
