---
source: crates/adamas-cli/tests/golden.rs
expression: text
---
Error: record-ill-typed-field.adamas:13:7: ожидался тип, получено `Zero` типа `Nat`
  f x = { a = ((Zero -> _) Type), b = Zero }
        ^^^^^^^^^^^^^^^^^^^^^^^^^^^^^^^^^^^^
  в контексте:
    (ω x : Nat)
  путь: тело `f` -> тело `f`
