---
source: crates/adamas-cli/tests/golden.rs
expression: text
---
Error: mult-entangled.adamas:18:14: параметры кратности `comp` связаны между собой: тело проверяется не при всех их сочетаниях - напишите в позиции кратности произведение, `(q * r x : a)`
  comp f g x = f (g x)
               ^^^^^^^
  путь: тело `comp`
