---
source: crates/adamas-cli/tests/golden.rs
expression: text
---
Ошибка: mult-factor-unknown.adamas:8:79: `r` не параметр кратности: произведение пишется только ими
  comp : {q : Mult} -> (ω f : (q y : b) -> c) -> (ω g : (q x : a) -> b) -> (q * r z : a) -> c
                                                                                ^
