---
source: crates/adamas-cli/tests/golden.rs
expression: text
---
Ошибка: default-foreign-class.adamas:14:3: инстанс `Named` для переменной типа не выбирается: словарь для неё приходит только из контекста - допишите `{Named …} =>` в сигнатуру; у метода по умолчанию - объявите `Named` суперклассом
    both x = name x + tag x
    ^^^^^^^^^^^^^^^^^^^^^^^
