---
source: crates/adamas-cli/tests/golden.rs
expression: text
---
Error: extern-callback.adamas:23:1: колбэк через границу C идёт указателем на экспортированное определение: параметры и ответ его обязаны быть машинным словом, а вложенного колбэка, буфера, единицы и стёртого связывания у него не бывает (§5.3)
  extern "C" fn adamas_probe_apply : (Nat -> Nat) -> Nat
  ^^^^^^^^^^^^^^^^^^^^^^^^^^^^^^^^^^^^^^^^^^^^^^^^^^^^^^
