---
source: crates/adamas-cli/tests/golden.rs
expression: text
---
Error: variadic-promoted.adamas:24:1: аргумент за `...` объявлен типом, которому C меняет ширину: узкое целое едет как `int`, `Float32` - как `Float64`, и это часть ABI, а не вольность вызова. Пишите продвинутый тип: конверсий ширины в языке нет ни одной (§4.3) (§5.3)
  extern "C" fn snprintf : Array n UInt8 -> UInt64 -> Array m UInt8 -> ... -> Float32 -> Int32
  ^^^^^^^^^^^^^^^^^^^^^^^^^^^^^^^^^^^^^^^^^^^^^^^^^^^^^^^^^^^^^^^^^^^^^^^^^^^^^^^^^^^^^^^^^^^^
