---
source: crates/adamas-cli/tests/golden.rs
expression: text
---
Ошибка: string-in-a-pattern.adamas:16:10: строка в разборе пока не элаборируется: строкой разбирается только верхний уровень ветки `case` (`case s of "b" -> …`) - там её сравнивает `==`; в клаузе и внутри конструктора строка не образец: напишите `case` либо `if s == "b" then …`
  classify "hi" = 1
           ^^^^
