---
source: crates/adamas-cli/tests/golden.rs
expression: text
---
Ошибка: extern-aggregate.adamas:16:1: параметр через границу C не идёт: уровень 1 переносит машинное слово - примитивный числовой тип, `CPtr`, плоский `Array n T` либо единицу; структура по значению требует знания ABI платформы
  extern "C" fn adamas_probe_size : Nat -> UInt64
  ^^^^^^^^^^^^^^^^^^^^^^^^^^^^^^^^^^^^^^^^^^^^^^^
