---
source: crates/adamas-cli/tests/golden.rs
expression: text
---
Error: let-lambda-unannotated.adamas:9:7: `let` без аннотации со значением-лямбдой пока не элаборируется: без аннотации тип связывания берётся у значения, а у лямбды его нет: домена она не хранит (§10 вопросы 101 и 105) - напишите тип связывания
    let f = \x -> x
        ^^^^^^^^^^^
