---
source: crates/adamas-cli/tests/golden.rs
expression: text
---
Error: unsettled-state.adamas:32:7: неявный аргумент у `Nil` не выведен: из места употребления его не видно - дайте тип результату (аннотацией `let` или сигнатурой)
  got = handle solo with
        ^^^^^^^^^^^^^^^^
  путь: тело `got` -> аргумент применения -> аргумент применения
