---
source: crates/adamas-cli/tests/golden.rs
expression: text
---
Ошибка: operation-row-doubled.adamas:43:20: эффекты `{Log, Log}` не погашены: вокруг разрешено `{Log}`
    fork b -> resume (runChild b)
                     ^^^^^^^^^^^^
  в контексте:
    (c : {Async, Log} Unit)
    (b : {Async, Log, Log} Unit)
    (1 resume : {Log} Unit)
