---
source: crates/adamas-cli/tests/golden.rs
expression: text
---
Ошибка: export-apostrophe.adamas:16:1: `export` над `twice'`: символом у линкера служит написанное имя, а сишный идентификатор состоит из букв, цифр и подчёркиваний и не начинается с цифры
  export "C" fn twice'
  ^^^^^^^^^^^^^^^^^^^^
