---
source: crates/adamas-cli/tests/golden.rs
expression: text
---
Ошибка: foreign-callback-as-a-word.adamas:52:60: несовпадение типов: ожидался `UInt64`, получен `UInt64 -> UInt64 -> UInt64 -> UInt64 -> {Foreign} UInt64`
    let set : Int32 = curl_easy_setopt curl optWriteFunction writeBody
                                                             ^^^^^^^^^
  в контексте:
    (u : Unit)
    (curl : UInt64)
