---
source: crates/adamas-cli/tests/golden.rs
expression: text
---
Error: undischarged-effects.adamas:24:15: эффекты `{State a | ?0}` не погашены: вокруг разрешено `{| e0}`
  escapes a x = leaks a x
                ^^^^^^^^^
  в контексте:
    (ω a : Type u0)
    (ω x : a)
  путь: тело `escapes` -> тело лямбды -> тело лямбды
