---
source: crates/adamas-cli/tests/golden.rs
expression: text
---
Error: extern-no-label.adamas:11:1: `extern` помечает вызов эффектом `Foreign` (§5.3), а метка не объявлена: напишите `effect Foreign`
  unsafe extern "C" fn adamas_probe_mix : UInt64 -> UInt64
  ^^^^^^^^^^^^^^^^^^^^^^^^^^^^^^^^^^^^^^^^^^^^^^^^^^^^^^^^
