---
source: crates/adamas-cli/tests/golden.rs
expression: text
---
Error: scope-bound.adamas:22:14: `h` привязано к своему scope и возвращается: захватившее владение замыкание можно применить или передать аргументом, но не вынести наружу
  escaping h = \b -> closeFile h
               ^^^^^^^^^^^^^^^^^
