---
source: crates/adamas-cli/tests/golden.rs
assertion_line: 132
expression: text
---
Ошибка: let-lambda-unused.adamas:10:7: `let` без аннотации со значением-лямбдой пока не элаборируется: без аннотации тип связывания берётся у значения, а у лямбды его нет: домена она не хранит - напишите тип связывания
    let unused = \x -> x
        ^^^^^^^^^^^^^^^^
