---
source: crates/adamas-cli/tests/golden.rs
expression: text
---
Error: unsolved-hole-numbered.adamas:19:23: несовпадение типов: ожидался `Box (?0)`, получен `Prelude.Bool`
  bad b = size b + size True
                        ^^^^
  в контексте:
    (ω b : Box Z)
  путь: тело `bad` -> тело лямбды -> аргумент применения -> аргумент применения
