---
source: crates/adamas-cli/tests/golden.rs
expression: text
---
Error: sealed-abstraction.adamas:25:1: сигнатурой `MapSig` запечатывать нельзя: `insert` несёт `Ord k`, а `k` - параметр запечатанного `Map`; вынесите констрейнт в параметр модуля либо объявите `Ord` `coherent`
  module OrderedMap :> MapSig where
  ^^^^^^^^^^^^^^^^^^^^^^^^^^^^^^^^^
