---
source: crates/adamas-cli/tests/golden.rs
expression: text
---
Ошибка: export-buffer.adamas:20:1: параметр экспорта обязан быть машинным словом - примитивный числовой тип либо `CPtr`: буфер наружу не отдать (чужая сторона даёт голый адрес, а заголовка Perceus вокруг него не построить), единицу - нечем породить
  export "C" fn sum
  ^^^^^^^^^^^^^^^^^
