---
source: crates/adamas-cli/tests/golden.rs
expression: text
---
Error: noalloc-boxing.adamas:12:1: `through` объявлена `@noalloc`, но применяет значение-функцию: аргумент уходит слотом замыкания, а слот говорит указателем, и плоский аргумент на этой границе боксируется (§4.11). Типов у вердикта нет, поэтому аллоцирующим считается всякое такое применение
  through : (Int64 -> Int64) -> Int64 -> Int64
  ^^^^^^^^^^^^^^^^^^^^^^^^^^^^^^^^^^^^^^^^^^^^
